{
  "scenario": "memory_recall",
  "query": "Remember that my favorite color is blue, then tell me what my favorite color is",
  "expected_nodes": [
    "memorize",
    "filter_tools",
    "react_loop"
  ],
  "expected_pattern": "memorize \u2192 filter_tools \u2192 react_loop",
  "trace_entries": [
    {
      "node": "memorize",
      "message": "Processing query",
      "data": {},
      "explanation": null,
      "timestamp": 1752665112.758191
    },
    {
      "node": "filter_tools",
      "message": "Selected tools",
      "data": {},
      "explanation": null,
      "timestamp": 1752665112.758194
    },
    {
      "node": "react_loop",
      "message": "Generated response",
      "data": {},
      "explanation": null,
      "timestamp": 1752665112.7581959
    }
  ],
  "response_type": "str"
}