{
  "scenario": "simple_query",
  "query": "What is 2 + 2?",
  "expected_nodes": [
    "memorize",
    "select_tools",
    "reason"
  ],
  "expected_pattern": "memorize \u2192 select_tools \u2192 reason",
  "trace_entries": [
    {
      "node": "memorize",
      "message": "Processing query",
      "data": {},
      "explanation": null,
      "timestamp": 1752609616.775434
    },
    {
      "node": "select_tools",
      "message": "Selected tools",
      "data": {},
      "explanation": null,
      "timestamp": 1752609616.775437
    },
    {
      "node": "reason",
      "message": "Generated response",
      "data": {},
      "explanation": null,
      "timestamp": 1752609616.775439
    }
  ],
  "response_type": "str"
}